Main Page

Now please follow these steps:

# First [[Special:UserLogin|log in to the wiki]] (user Admin, pass changethis).
# Please go to the [[Special:RDFIOAdmin|RDFIO Admin Special Page]] and ensure that the ARC2 store is properly set up.
# Go to the [[Special:RDFImport|RDF Import Special Page]], click &quot;Paste RDF&quot;, and then &quot;RDFXML example data&quot; under the text field, and import it.
# GO to [[Special:RecentChanges|Recent Changes]], to see if you got some newly imported data.
# Finally, go to the [[Special:SPARQLEndpoint|SPARQL Endpoint]] and execute the example query, and see if you can see the example data show up!
MediaWiki:Sidebar
** mainpage|mainpage-description
** recentchanges-url|recentchanges
** randompage-url|randompage
** helppage|help
* Semantic Tools
** Special:RDFIOAdmin|RDFIO Admin
** Special:RDFImport|RDF Import
** Special:SPARQLEndpoint|SPARQL Endpoint
** Special:SPARQLImport|SPARQL Import
** Special:Categories|Categories
** Special:Properties|Properties
* SEARCH
* TOOLBOX
* LANGUAGES
MediaWiki:Smw import skos
 altLabel|Type:Monolingual text
 broader|Type:Annotation URI
 broaderTransitive|Type:Annotation URI
 broadMatch|Type:Annotation URI
 changeNote|Type:Text
 closeMatch|Type:Annotation URI
 Collection|Class
 Concept|Class
 ConceptScheme|Class
 definition|Type:Text
 editorialNote|Type:Text
 exactMatch|Type:Annotation URI
 example|Type:Text
 hasTopConcept|Type:Page
 hiddenLabel|Type:String
 historyNote|Type:Text
 inScheme|Type:Page
 mappingRelation|Type:Page
 member|Type:Page
 memberList|Type:Page
 narrower|Type:Annotation URI
 narrowerTransitive|Type:Annotation URI
 narrowMatch|Type:Annotation URI
 notation|Type:Text
 note|Type:Text
 OrderedCollection|Class
 prefLabel|Type:String
 related|Type:Annotation URI
 relatedMatch|Type:Annotation URI
 scopeNote|Type:Text
 semanticRelation|Type:Page
 topConceptOf|Type:Page

[[Category:Imported vocabulary]]
MediaWiki:Smw import foaf
 name|Type:Text
 homepage|Type:URL
 mbox|Type:Email
 mbox_sha1sum|Type:Text
 depiction|Type:URL
 phone|Type:Text
 Person|Category
 Organization|Category
 knows|Type:Page
 member|Type:Page

[[Category:Imported vocabulary]]
MediaWiki:Smw import owl
 AllDifferent|Category
 allValuesFrom|Type:Page
 AnnotationProperty|Category
 backwardCompatibleWith|Type:Page
 cardinality|Type:Number
 Class|Category
 comment|Type:Page
 complementOf|Type:Page
 DataRange|Category
 DatatypeProperty|Category
 DeprecatedClass|Category
 DeprecatedProperty|Category
 differentFrom|Type:Page
 disjointWith|Type:Page
 distinctMembers|Type:Page
 equivalentClass|Type:Page
 equivalentProperty|Type:Page
 FunctionalProperty|Category
 hasValue|Type:Page
 imports|Type:Page
 incompatibleWith|Type:Page
 intersectionOf|Type:Page
 InverseFunctionalProperty|Category
 inverseOf|Type:Page
 isDefinedBy|Type:Page
 label|Type:Page
 maxCardinality|Type:Number
 minCardinality|Type:Number
 Nothing|Category
 ObjectProperty|Category
 oneOf|Type:Page
 onProperty|Type:Page
 Ontology|Category
 OntologyProperty|Category
 owl|Type:Page
 priorVersion|Type:Page
 Restriction|Category
 sameAs|Type:Page
 seeAlso|Type:Page
 someValuesFrom|Type:Page
 SymmetricProperty|Category
 Thing|Category
 TransitiveProperty|Category
 unionOf|Type:Page
 versionInfo|Type:Page

[[Category:Imported vocabulary]]
Property:Foaf:knows
* [[Has property description::A person known by this person (indicating some level of reciprocated interaction between the parties).@en]] 

[[Category:Imported vocabulary]] {{DISPLAYTITLE:foaf:knows}}
Property:Foaf:name
* [[Has property description::A name for some thing or agent.@en]] 

[[Category:Imported vocabulary]]{{DISPLAYTITLE:foaf:name}}
Property:Foaf:homepage
* [[Has property description::URL of the homepage of something, which is a general web resource.@en]] 

[[Category:Imported vocabulary]] {{DISPLAYTITLE:foaf:homepage}}
Property:Owl:differentFrom
* [[Has property description::The property that determines that two given individuals are different.@en]] 

[[Category:Imported vocabulary]] {{DISPLAYTITLE:owl:differentFrom}}
Property:Artist
[[Equivalent URI::http://www.recshop.fake/cd#artist]]
[[Has type::Text]]
Property:Country
[[Equivalent URI::http://www.recshop.fake/cd#country]]
[[Has type::Page]]
Property:Company
[[Equivalent URI::http://www.recshop.fake/cd#company]]
[[Has type::Text]]
Property:Price
[[Equivalent URI::http://www.recshop.fake/cd#price]]
[[Has type::Text]]
Property:Year
[[Equivalent URI::http://www.recshop.fake/cd#year]]
[[Has type::Text]]
Property:Label
[[Equivalent URI::http://www.w3.org/2000/01/rdf-schema#label]]
[[Has type::Text]]
Empire Burlesque
[[Equivalent URI::http://www.recshop.fake/cd/Empire%20Burlesque]]
[[Artist::Bob Dylan]]
[[Country::USA]]
[[Company::Columbia]]
[[Price::10.90]]
[[Year::1985]]
USA
[[Equivalent URI::http://www.countries.org/onto/USA]]
[[Label::USA]]
Hide your heart
[[Equivalent URI::http://www.recshop.fake/cd/Hide%20your%20heart]]
[[Artist::Bonnie Tyler]]
[[Country::UK]]
[[Company::CBS Records]]
[[Price::9.90]]
[[Year::1988]]
UK
[[Equivalent URI::http://www.countries.org/onto/UK]]
Category:Albums
[[Equivalent URI::http://www.countries.org/onto/Albums]]
[[Category:MediaCollections]]
Category:MediaCollections
[[Equivalent URI::http://www.countries.org/onto/MediaCollections]]
